OMPD_5.0 {
  global:
	ompd_dll_locations_valid;
	ompd_bp_parallel_begin;
	ompd_bp_parallel_end;
	ompd_bp_task_begin;
	ompd_bp_task_end;
	ompd_bp_thread_begin;
	ompd_bp_thread_end;
	ompd_bp_device_begin;
	ompd_bp_device_end;
	ompd_initialize;
	ompd_get_api_version;
	ompd_get_version_string;
	ompd_get_finalize;
	ompd_process_initialize;
	ompd_device_initialize;
	ompd_rel_address_space_handle;
	ompd_get_omp_version;
	ompd_get_omp_version_string;
	ompd_get_thread_in_parallel;
	ompd_get_thread_handle;
	ompd_rel_thread_handle;
	ompd_thread_handle_compare;
	ompd_get_thread_id;
	ompd_get_curr_parallel_handle;
	ompd_get_enclosing_parallel_handle;
	ompd_get_task_parallel_handle;
	ompd_rel_parallel_handle;
	ompd_parallel_handle_compare;
	ompd_get_curr_task_handle;
	ompd_get_generating_task_handle;
	ompd_get_scheduling_task_handle;
	ompd_get_task_in_parallel;
	ompd_rel_task_handle;
	ompd_task_handle_compare;
	ompd_get_task_function;
	ompd_get_task_frame;
	ompd_enumerate_states;
	ompd_get_state;
	ompd_get_display_control_vars;
	ompd_rel_display_control_vars;
	ompd_enumerate_icvs;
	ompd_get_icv_from_scope;
	ompd_get_icv_string_from_scope;
	ompd_get_tool_data;
  local:
	*;
};
